// Jest Snapshot v1, https://goo.gl/fbAQLP

exports[`App App should render correctly 1`] = `ShallowWrapper {}`;

exports[`App Detail detail component should render correctly 1`] = `ShallowWrapper {}`;
